// Jest Snapshot v1, https://goo.gl/fbAQLP

exports[`<Idea /> renders an idea 1`] = `
<div>
  <header>
    <input
      autoFocus={false}
      defaultValue="Chocolate teapot"
      onBlur={[Function]}
      type="text"
    />
    <button
      onClick={[Function]}
      title="Remove idea"
      type="button"
    >
      ×
    </button>
  </header>
  <textarea
    defaultValue="A reusable teapot made from dark chocolate"
    maxLength={140}
    onBlur={[Function]}
  />
</div>
`;
