// Jest Snapshot v1, https://goo.gl/fbAQLP

exports[`<Idea /> renders an idea 1`] = `
<div>
  <header>
    <input
      defaultValue="Chocolate teapot"
      onBlur={[Function]}
      type="text"
    />
  </header>
  <textarea
    defaultValue="A reusable teapot made from dark chocolate"
    maxLength={140}
    onBlur={[Function]}
  />
</div>
`;
